Archive member included to satisfy reference by file (symbol)

c:/ac6/systemworkbench/plugins/fr.ac6.mcu.externaltools.arm-none.win32_1.17.0.201812190825/tools/compiler/bin/../lib/gcc/arm-none-eabi/7.3.1/thumb/v7e-m/fpv4-sp/hard\libgcc.a(_arm_addsubdf3.o)
                              Src/main.o (__aeabi_i2d)
c:/ac6/systemworkbench/plugins/fr.ac6.mcu.externaltools.arm-none.win32_1.17.0.201812190825/tools/compiler/bin/../lib/gcc/arm-none-eabi/7.3.1/thumb/v7e-m/fpv4-sp/hard\libgcc.a(_arm_cmpdf2.o)
                              Src/main.o (__aeabi_dcmpgt)
c:/ac6/systemworkbench/plugins/fr.ac6.mcu.externaltools.arm-none.win32_1.17.0.201812190825/tools/compiler/bin/../lib/gcc/arm-none-eabi/7.3.1/thumb/v7e-m/fpv4-sp/hard\libgcc.a(_aeabi_uldivmod.o)
                              Drivers/STM32F4xx_HAL_Driver/Src/stm32f4xx_hal_rcc.o (__aeabi_uldivmod)
c:/ac6/systemworkbench/plugins/fr.ac6.mcu.externaltools.arm-none.win32_1.17.0.201812190825/tools/compiler/bin/../lib/gcc/arm-none-eabi/7.3.1/thumb/v7e-m/fpv4-sp/hard\libgcc.a(_udivmoddi4.o)
                              c:/ac6/systemworkbench/plugins/fr.ac6.mcu.externaltools.arm-none.win32_1.17.0.201812190825/tools/compiler/bin/../lib/gcc/arm-none-eabi/7.3.1/thumb/v7e-m/fpv4-sp/hard\libgcc.a(_aeabi_uldivmod.o) (__udivmoddi4)
c:/ac6/systemworkbench/plugins/fr.ac6.mcu.externaltools.arm-none.win32_1.17.0.201812190825/tools/compiler/bin/../lib/gcc/arm-none-eabi/7.3.1/thumb/v7e-m/fpv4-sp/hard\libgcc.a(_dvmd_tls.o)
                              c:/ac6/systemworkbench/plugins/fr.ac6.mcu.externaltools.arm-none.win32_1.17.0.201812190825/tools/compiler/bin/../lib/gcc/arm-none-eabi/7.3.1/thumb/v7e-m/fpv4-sp/hard\libgcc.a(_aeabi_uldivmod.o) (__aeabi_ldiv0)
c:/ac6/systemworkbench/plugins/fr.ac6.mcu.externaltools.arm-none.win32_1.17.0.201812190825/tools/compiler/bin/../lib/gcc/arm-none-eabi/7.3.1/../../../../arm-none-eabi/lib/thumb/v7e-m/fpv4-sp/hard\libc_nano.a(lib_a-exit.o)
                              c:/ac6/systemworkbench/plugins/fr.ac6.mcu.externaltools.arm-none.win32_1.17.0.201812190825/tools/compiler/bin/../lib/gcc/arm-none-eabi/7.3.1/../../../../arm-none-eabi/lib/thumb/v7e-m/fpv4-sp/hard/crt0.o (exit)
c:/ac6/systemworkbench/plugins/fr.ac6.mcu.externaltools.arm-none.win32_1.17.0.201812190825/tools/compiler/bin/../lib/gcc/arm-none-eabi/7.3.1/../../../../arm-none-eabi/lib/thumb/v7e-m/fpv4-sp/hard\libc_nano.a(lib_a-impure.o)
                              c:/ac6/systemworkbench/plugins/fr.ac6.mcu.externaltools.arm-none.win32_1.17.0.201812190825/tools/compiler/bin/../lib/gcc/arm-none-eabi/7.3.1/../../../../arm-none-eabi/lib/thumb/v7e-m/fpv4-sp/hard\libc_nano.a(lib_a-exit.o) (_global_impure_ptr)
c:/ac6/systemworkbench/plugins/fr.ac6.mcu.externaltools.arm-none.win32_1.17.0.201812190825/tools/compiler/bin/../lib/gcc/arm-none-eabi/7.3.1/../../../../arm-none-eabi/lib/thumb/v7e-m/fpv4-sp/hard\libc_nano.a(lib_a-init.o)
                              c:/ac6/systemworkbench/plugins/fr.ac6.mcu.externaltools.arm-none.win32_1.17.0.201812190825/tools/compiler/bin/../lib/gcc/arm-none-eabi/7.3.1/../../../../arm-none-eabi/lib/thumb/v7e-m/fpv4-sp/hard/crt0.o (__libc_init_array)
c:/ac6/systemworkbench/plugins/fr.ac6.mcu.externaltools.arm-none.win32_1.17.0.201812190825/tools/compiler/bin/../lib/gcc/arm-none-eabi/7.3.1/../../../../arm-none-eabi/lib/thumb/v7e-m/fpv4-sp/hard\libc_nano.a(lib_a-memset.o)
                              c:/ac6/systemworkbench/plugins/fr.ac6.mcu.externaltools.arm-none.win32_1.17.0.201812190825/tools/compiler/bin/../lib/gcc/arm-none-eabi/7.3.1/../../../../arm-none-eabi/lib/thumb/v7e-m/fpv4-sp/hard/crt0.o (memset)
c:/ac6/systemworkbench/plugins/fr.ac6.mcu.externaltools.arm-none.win32_1.17.0.201812190825/tools/compiler/bin/../lib/gcc/arm-none-eabi/7.3.1/../../../../arm-none-eabi/lib/thumb/v7e-m/fpv4-sp/hard\libnosys.a(_exit.o)
                              c:/ac6/systemworkbench/plugins/fr.ac6.mcu.externaltools.arm-none.win32_1.17.0.201812190825/tools/compiler/bin/../lib/gcc/arm-none-eabi/7.3.1/../../../../arm-none-eabi/lib/thumb/v7e-m/fpv4-sp/hard\libc_nano.a(lib_a-exit.o) (_exit)

Allocating common symbols
Common symbol       size              file

htim4               0x3c              Src/main.o
huart3              0x40              Src/main.o
hadc2               0x48              Src/main.o
uwTick              0x4               Drivers/STM32F4xx_HAL_Driver/Src/stm32f4xx_hal.o
pFlash              0x20              Drivers/STM32F4xx_HAL_Driver/Src/stm32f4xx_hal_flash.o
hadc1               0x48              Src/main.o
value3              0x1               Src/main.o
hadc3               0x48              Src/main.o
counter             0x4               Src/main.o
value2              0x1               Src/main.o
value1              0x1               Src/main.o

Discarded input sections

[...]
Memory Configuration

Name             Origin             Length             Attributes
RAM              0x20000000         0x00020000         xrw
CCMRAM           0x10000000         0x00010000         rw
FLASH            0x08000000         0x00100000         xr
*default*        0x00000000         0xffffffff

Linker script and memory map

LOAD c:/ac6/systemworkbench/plugins/fr.ac6.mcu.externaltools.arm-none.win32_1.17.0.201812190825/tools/compiler/bin/../lib/gcc/arm-none-eabi/7.3.1/thumb/v7e-m/fpv4-sp/hard/crti.o
LOAD c:/ac6/systemworkbench/plugins/fr.ac6.mcu.externaltools.arm-none.win32_1.17.0.201812190825/tools/compiler/bin/../lib/gcc/arm-none-eabi/7.3.1/thumb/v7e-m/fpv4-sp/hard/crtbegin.o
LOAD c:/ac6/systemworkbench/plugins/fr.ac6.mcu.externaltools.arm-none.win32_1.17.0.201812190825/tools/compiler/bin/../lib/gcc/arm-none-eabi/7.3.1/../../../../arm-none-eabi/lib/thumb/v7e-m/fpv4-sp/hard/crt0.o
LOAD Drivers/STM32F4xx_HAL_Driver/Src/stm32f4xx_hal.o
LOAD Drivers/STM32F4xx_HAL_Driver/Src/stm32f4xx_hal_adc.o
LOAD Drivers/STM32F4xx_HAL_Driver/Src/stm32f4xx_hal_adc_ex.o
LOAD Drivers/STM32F4xx_HAL_Driver/Src/stm32f4xx_hal_cortex.o
LOAD Drivers/STM32F4xx_HAL_Driver/Src/stm32f4xx_hal_dma.o
LOAD Drivers/STM32F4xx_HAL_Driver/Src/stm32f4xx_hal_dma_ex.o
LOAD Drivers/STM32F4xx_HAL_Driver/Src/stm32f4xx_hal_flash.o
LOAD Drivers/STM32F4xx_HAL_Driver/Src/stm32f4xx_hal_flash_ex.o
LOAD Drivers/STM32F4xx_HAL_Driver/Src/stm32f4xx_hal_flash_ramfunc.o
LOAD Drivers/STM32F4xx_HAL_Driver/Src/stm32f4xx_hal_gpio.o
LOAD Drivers/STM32F4xx_HAL_Driver/Src/stm32f4xx_hal_pwr.o
LOAD Drivers/STM32F4xx_HAL_Driver/Src/stm32f4xx_hal_pwr_ex.o
LOAD Drivers/STM32F4xx_HAL_Driver/Src/stm32f4xx_hal_rcc.o
LOAD Drivers/STM32F4xx_HAL_Driver/Src/stm32f4xx_hal_rcc_ex.o
LOAD Drivers/STM32F4xx_HAL_Driver/Src/stm32f4xx_hal_tim.o
LOAD Drivers/STM32F4xx_HAL_Driver/Src/stm32f4xx_hal_tim_ex.o
LOAD Drivers/STM32F4xx_HAL_Driver/Src/stm32f4xx_hal_uart.o
LOAD Src/main.o
LOAD Src/stm32f4xx_hal_msp.o
LOAD Src/stm32f4xx_it.o
LOAD Src/system_stm32f4xx.o
LOAD startup/startup_stm32f407xx.o
LOAD c:/ac6/systemworkbench/plugins/fr.ac6.mcu.externaltools.arm-none.win32_1.17.0.201812190825/tools/compiler/bin/../lib/gcc/arm-none-eabi/7.3.1/../../../../arm-none-eabi/lib/thumb/v7e-m/fpv4-sp/hard\libm.a
START GROUP
LOAD c:/ac6/systemworkbench/plugins/fr.ac6.mcu.externaltools.arm-none.win32_1.17.0.201812190825/tools/compiler/bin/../lib/gcc/arm-none-eabi/7.3.1/thumb/v7e-m/fpv4-sp/hard\libgcc.a
LOAD c:/ac6/systemworkbench/plugins/fr.ac6.mcu.externaltools.arm-none.win32_1.17.0.201812190825/tools/compiler/bin/../lib/gcc/arm-none-eabi/7.3.1/../../../../arm-none-eabi/lib/thumb/v7e-m/fpv4-sp/hard\libc_nano.a
END GROUP
START GROUP
LOAD c:/ac6/systemworkbench/plugins/fr.ac6.mcu.externaltools.arm-none.win32_1.17.0.201812190825/tools/compiler/bin/../lib/gcc/arm-none-eabi/7.3.1/thumb/v7e-m/fpv4-sp/hard\libgcc.a
LOAD c:/ac6/systemworkbench/plugins/fr.ac6.mcu.externaltools.arm-none.win32_1.17.0.201812190825/tools/compiler/bin/../lib/gcc/arm-none-eabi/7.3.1/../../../../arm-none-eabi/lib/thumb/v7e-m/fpv4-sp/hard\libc_nano.a
LOAD c:/ac6/systemworkbench/plugins/fr.ac6.mcu.externaltools.arm-none.win32_1.17.0.201812190825/tools/compiler/bin/../lib/gcc/arm-none-eabi/7.3.1/../../../../arm-none-eabi/lib/thumb/v7e-m/fpv4-sp/hard\libnosys.a
END GROUP
START GROUP
LOAD c:/ac6/systemworkbench/plugins/fr.ac6.mcu.externaltools.arm-none.win32_1.17.0.201812190825/tools/compiler/bin/../lib/gcc/arm-none-eabi/7.3.1/thumb/v7e-m/fpv4-sp/hard\libgcc.a
LOAD c:/ac6/systemworkbench/plugins/fr.ac6.mcu.externaltools.arm-none.win32_1.17.0.201812190825/tools/compiler/bin/../lib/gcc/arm-none-eabi/7.3.1/../../../../arm-none-eabi/lib/thumb/v7e-m/fpv4-sp/hard\libc_nano.a
LOAD c:/ac6/systemworkbench/plugins/fr.ac6.mcu.externaltools.arm-none.win32_1.17.0.201812190825/tools/compiler/bin/../lib/gcc/arm-none-eabi/7.3.1/../../../../arm-none-eabi/lib/thumb/v7e-m/fpv4-sp/hard\libnosys.a
END GROUP
LOAD c:/ac6/systemworkbench/plugins/fr.ac6.mcu.externaltools.arm-none.win32_1.17.0.201812190825/tools/compiler/bin/../lib/gcc/arm-none-eabi/7.3.1/thumb/v7e-m/fpv4-sp/hard/crtend.o
LOAD c:/ac6/systemworkbench/plugins/fr.ac6.mcu.externaltools.arm-none.win32_1.17.0.201812190825/tools/compiler/bin/../lib/gcc/arm-none-eabi/7.3.1/thumb/v7e-m/fpv4-sp/hard/crtn.o
                0x20020000                _estack = 0x20020000
                0x00000200                _Min_Heap_Size = 0x200
                0x00000400                _Min_Stack_Size = 0x400

.isr_vector     0x08000000      0x188
                0x08000000                . = ALIGN (0x4)
 *(.isr_vector)
 .isr_vector    0x08000000      0x188 startup/startup_stm32f407xx.o
                0x08000000                g_pfnVectors
                0x08000188                . = ALIGN (0x4)

.text           0x08000188     0x30dc
                0x08000188                . = ALIGN (0x4)
 *(.text)
 .text          0x08000188       0x40 c:/ac6/systemworkbench/plugins/fr.ac6.mcu.externaltools.arm-none.win32_1.17.0.201812190825/tools/compiler/bin/../lib/gcc/arm-none-eabi/7.3.1/thumb/v7e-m/fpv4-sp/hard/crtbegin.o
 .text          0x080001c8      0x378 c:/ac6/systemworkbench/plugins/fr.ac6.mcu.externaltools.arm-none.win32_1.17.0.201812190825/tools/compiler/bin/../lib/gcc/arm-none-eabi/7.3.1/thumb/v7e-m/fpv4-sp/hard\libgcc.a(_arm_addsubdf3.o)
                0x080001c8                __aeabi_drsub
                0x080001d0                __aeabi_dsub
                0x080001d0                __subdf3
                0x080001d4                __aeabi_dadd
                0x080001d4                __adddf3
                0x0800044c                __floatunsidf
                0x0800044c                __aeabi_ui2d
                0x0800046c                __floatsidf
                0x0800046c                __aeabi_i2d
                0x08000490                __aeabi_f2d
                0x08000490                __extendsfdf2
                0x080004d4                __floatundidf
                0x080004d4                __aeabi_ul2d
                0x080004e4                __floatdidf
                0x080004e4                __aeabi_l2d
 .text          0x08000540      0x110 c:/ac6/systemworkbench/plugins/fr.ac6.mcu.externaltools.arm-none.win32_1.17.0.201812190825/tools/compiler/bin/../lib/gcc/arm-none-eabi/7.3.1/thumb/v7e-m/fpv4-sp/hard\libgcc.a(_arm_cmpdf2.o)
                0x08000540                __gtdf2
                0x08000540                __gedf2
                0x08000548                __ltdf2
                0x08000548                __ledf2
                0x08000550                __nedf2
                0x08000550                __eqdf2
                0x08000550                __cmpdf2
                0x080005cc                __aeabi_cdrcmple
                0x080005dc                __aeabi_cdcmpeq
                0x080005dc                __aeabi_cdcmple
                0x080005ec                __aeabi_dcmpeq
                0x08000600                __aeabi_dcmplt
                0x08000614                __aeabi_dcmple
                0x08000628                __aeabi_dcmpge
                0x0800063c                __aeabi_dcmpgt
 .text          0x08000650       0x30 c:/ac6/systemworkbench/plugins/fr.ac6.mcu.externaltools.arm-none.win32_1.17.0.201812190825/tools/compiler/bin/../lib/gcc/arm-none-eabi/7.3.1/thumb/v7e-m/fpv4-sp/hard\libgcc.a(_aeabi_uldivmod.o)
                0x08000650                __aeabi_uldivmod
 .text          0x08000680      0x2cc c:/ac6/systemworkbench/plugins/fr.ac6.mcu.externaltools.arm-none.win32_1.17.0.201812190825/tools/compiler/bin/../lib/gcc/arm-none-eabi/7.3.1/thumb/v7e-m/fpv4-sp/hard\libgcc.a(_udivmoddi4.o)
                0x08000680                __udivmoddi4
 .text          0x0800094c        0x4 c:/ac6/systemworkbench/plugins/fr.ac6.mcu.externaltools.arm-none.win32_1.17.0.201812190825/tools/compiler/bin/../lib/gcc/arm-none-eabi/7.3.1/thumb/v7e-m/fpv4-sp/hard\libgcc.a(_dvmd_tls.o)
                0x0800094c                __aeabi_idiv0
                0x0800094c                __aeabi_ldiv0
 *(.text*)
 .text.HAL_InitTick
                0x08000950       0x48 Drivers/STM32F4xx_HAL_Driver/Src/stm32f4xx_hal.o
                0x08000950                HAL_InitTick
 .text.HAL_Init
                0x08000998       0x34 Drivers/STM32F4xx_HAL_Driver/Src/stm32f4xx_hal.o
                0x08000998                HAL_Init
 .text.HAL_IncTick
                0x080009cc       0x18 Drivers/STM32F4xx_HAL_Driver/Src/stm32f4xx_hal.o
                0x080009cc                HAL_IncTick
 .text.HAL_GetTick
                0x080009e4        0xc Drivers/STM32F4xx_HAL_Driver/Src/stm32f4xx_hal.o
                0x080009e4                HAL_GetTick
 .text.ADC_Init
                0x080009f0      0x130 Drivers/STM32F4xx_HAL_Driver/Src/stm32f4xx_hal_adc.o
 .text.HAL_ADC_Init
                0x08000b20       0x54 Drivers/STM32F4xx_HAL_Driver/Src/stm32f4xx_hal_adc.o
                0x08000b20                HAL_ADC_Init
 .text.HAL_ADC_Start
                0x08000b74       0xf8 Drivers/STM32F4xx_HAL_Driver/Src/stm32f4xx_hal_adc.o
                0x08000b74                HAL_ADC_Start
 .text.HAL_ADC_PollForConversion
                0x08000c6c       0xb6 Drivers/STM32F4xx_HAL_Driver/Src/stm32f4xx_hal_adc.o
                0x08000c6c                HAL_ADC_PollForConversion
 .text.HAL_ADC_GetValue
                0x08000d22        0x6 Drivers/STM32F4xx_HAL_Driver/Src/stm32f4xx_hal_adc.o
                0x08000d22                HAL_ADC_GetValue
 .text.HAL_ADC_ConfigChannel
                0x08000d28      0x190 Drivers/STM32F4xx_HAL_Driver/Src/stm32f4xx_hal_adc.o
                0x08000d28                HAL_ADC_ConfigChannel
 .text.HAL_NVIC_SetPriorityGrouping
                0x08000eb8       0x24 Drivers/STM32F4xx_HAL_Driver/Src/stm32f4xx_hal_cortex.o
                0x08000eb8                HAL_NVIC_SetPriorityGrouping
 .text.HAL_NVIC_SetPriority
                0x08000edc       0x68 Drivers/STM32F4xx_HAL_Driver/Src/stm32f4xx_hal_cortex.o
                0x08000edc                HAL_NVIC_SetPriority
 .text.HAL_NVIC_EnableIRQ
                0x08000f44       0x18 Drivers/STM32F4xx_HAL_Driver/Src/stm32f4xx_hal_cortex.o
                0x08000f44                HAL_NVIC_EnableIRQ
 .text.HAL_SYSTICK_Config
                0x08000f5c       0x2c Drivers/STM32F4xx_HAL_Driver/Src/stm32f4xx_hal_cortex.o
                0x08000f5c                HAL_SYSTICK_Config
 .text.HAL_DMA_Abort_IT
                0x08000f88       0x26 Drivers/STM32F4xx_HAL_Driver/Src/stm32f4xx_hal_dma.o
                0x08000f88                HAL_DMA_Abort_IT
 *fill*         0x08000fae        0x2 
 .text.HAL_GPIO_Init
                0x08000fb0      0x1c8 Drivers/STM32F4xx_HAL_Driver/Src/stm32f4xx_hal_gpio.o
                0x08000fb0                HAL_GPIO_Init
 .text.HAL_GPIO_ReadPin
                0x08001178        0xe Drivers/STM32F4xx_HAL_Driver/Src/stm32f4xx_hal_gpio.o
                0x08001178                HAL_GPIO_ReadPin
 .text.HAL_GPIO_WritePin
                0x08001186        0xc Drivers/STM32F4xx_HAL_Driver/Src/stm32f4xx_hal_gpio.o
                0x08001186                HAL_GPIO_WritePin
 *fill*         0x08001192        0x2 
 .text.HAL_GPIO_EXTI_IRQHandler
                0x08001194       0x1c Drivers/STM32F4xx_HAL_Driver/Src/stm32f4xx_hal_gpio.o
                0x08001194                HAL_GPIO_EXTI_IRQHandler
 .text.HAL_RCC_OscConfig
                0x080011b0      0x398 Drivers/STM32F4xx_HAL_Driver/Src/stm32f4xx_hal_rcc.o
                0x080011b0                HAL_RCC_OscConfig
 .text.HAL_RCC_GetSysClockFreq
                0x08001548       0xd8 Drivers/STM32F4xx_HAL_Driver/Src/stm32f4xx_hal_rcc.o
                0x08001548                HAL_RCC_GetSysClockFreq
 .text.HAL_RCC_ClockConfig
                0x08001620      0x158 Drivers/STM32F4xx_HAL_Driver/Src/stm32f4xx_hal_rcc.o
                0x08001620                HAL_RCC_ClockConfig
 .text.HAL_RCC_GetHCLKFreq
                0x08001778        0xc Drivers/STM32F4xx_HAL_Driver/Src/stm32f4xx_hal_rcc.o
                0x08001778                HAL_RCC_GetHCLKFreq
 .text.HAL_RCC_GetPCLK1Freq
                0x08001784       0x20 Drivers/STM32F4xx_HAL_Driver/Src/stm32f4xx_hal_rcc.o
                0x08001784                HAL_RCC_GetPCLK1Freq
 .text.HAL_RCC_GetPCLK2Freq
                0x080017a4       0x20 Drivers/STM32F4xx_HAL_Driver/Src/stm32f4xx_hal_rcc.o
                0x080017a4                HAL_RCC_GetPCLK2Freq
 .text.TIM_TI1_ConfigInputStage
                0x080017c4       0x26 Drivers/STM32F4xx_HAL_Driver/Src/stm32f4xx_hal_tim.o
 .text.TIM_TI2_ConfigInputStage
                0x080017ea       0x28 Drivers/STM32F4xx_HAL_Driver/Src/stm32f4xx_hal_tim.o
 .text.TIM_ITRx_SetConfig
                0x08001812       0x10 Drivers/STM32F4xx_HAL_Driver/Src/stm32f4xx_hal_tim.o
 .text.TIM_ETR_SetConfig
                0x08001822       0x18 Drivers/STM32F4xx_HAL_Driver/Src/stm32f4xx_hal_tim.o
 .text.HAL_TIM_Base_Start_IT
                0x0800183a       0x18 Drivers/STM32F4xx_HAL_Driver/Src/stm32f4xx_hal_tim.o
                0x0800183a                HAL_TIM_Base_Start_IT
 .text.HAL_TIM_ConfigClockSource
                0x08001852      0x108 Drivers/STM32F4xx_HAL_Driver/Src/stm32f4xx_hal_tim.o
                0x08001852                HAL_TIM_ConfigClockSource
 .text.HAL_TIM_OC_DelayElapsedCallback
                0x0800195a        0x2 Drivers/STM32F4xx_HAL_Driver/Src/stm32f4xx_hal_tim.o
                0x0800195a                HAL_TIM_OC_DelayElapsedCallback
 .text.HAL_TIM_IC_CaptureCallback
                0x0800195c        0x2 Drivers/STM32F4xx_HAL_Driver/Src/stm32f4xx_hal_tim.o
                0x0800195c                HAL_TIM_IC_CaptureCallback
 .text.HAL_TIM_PWM_PulseFinishedCallback
                0x0800195e        0x2 Drivers/STM32F4xx_HAL_Driver/Src/stm32f4xx_hal_tim.o
                0x0800195e                HAL_TIM_PWM_PulseFinishedCallback
 .text.HAL_TIM_TriggerCallback
                0x08001960        0x2 Drivers/STM32F4xx_HAL_Driver/Src/stm32f4xx_hal_tim.o
                0x08001960                HAL_TIM_TriggerCallback
 .text.HAL_TIM_IRQHandler
                0x08001962      0x17a Drivers/STM32F4xx_HAL_Driver/Src/stm32f4xx_hal_tim.o
                0x08001962                HAL_TIM_IRQHandler
 .text.TIM_Base_SetConfig
                0x08001adc       0xc0 Drivers/STM32F4xx_HAL_Driver/Src/stm32f4xx_hal_tim.o
                0x08001adc                TIM_Base_SetConfig
 .text.HAL_TIM_Base_Init
                0x08001b9c       0x32 Drivers/STM32F4xx_HAL_Driver/Src/stm32f4xx_hal_tim.o
                0x08001b9c                HAL_TIM_Base_Init
 .text.HAL_TIMEx_MasterConfigSynchronization
                0x08001bce       0x52 Drivers/STM32F4xx_HAL_Driver/Src/stm32f4xx_hal_tim_ex.o
                0x08001bce                HAL_TIMEx_MasterConfigSynchronization
 .text.HAL_TIMEx_CommutationCallback
                0x08001c20        0x2 Drivers/STM32F4xx_HAL_Driver/Src/stm32f4xx_hal_tim_ex.o
                0x08001c20                HAL_TIMEx_CommutationCallback
 .text.HAL_TIMEx_BreakCallback
                0x08001c22        0x2 Drivers/STM32F4xx_HAL_Driver/Src/stm32f4xx_hal_tim_ex.o
                0x08001c22                HAL_TIMEx_BreakCallback
 .text.UART_EndRxTransfer
                0x08001c24       0x1c Drivers/STM32F4xx_HAL_Driver/Src/stm32f4xx_hal_uart.o
 .text.UART_Transmit_IT
                0x08001c40       0x68 Drivers/STM32F4xx_HAL_Driver/Src/stm32f4xx_hal_uart.o
 .text.UART_SetConfig
                0x08001ca8      0x334 Drivers/STM32F4xx_HAL_Driver/Src/stm32f4xx_hal_uart.o
 .text.HAL_UART_Init
                0x08001fdc       0x5e Drivers/STM32F4xx_HAL_Driver/Src/stm32f4xx_hal_uart.o
                0x08001fdc                HAL_UART_Init
 .text.HAL_UART_Transmit_IT
                0x0800203a       0x48 Drivers/STM32F4xx_HAL_Driver/Src/stm32f4xx_hal_uart.o
                0x0800203a                HAL_UART_Transmit_IT
 .text.HAL_UART_TxCpltCallback
                0x08002082        0x2 Drivers/STM32F4xx_HAL_Driver/Src/stm32f4xx_hal_uart.o
                0x08002082                HAL_UART_TxCpltCallback
 .text.UART_EndTransmit_IT
                0x08002084       0x1a Drivers/STM32F4xx_HAL_Driver/Src/stm32f4xx_hal_uart.o
 .text.HAL_UART_RxCpltCallback
                0x0800209e        0x2 Drivers/STM32F4xx_HAL_Driver/Src/stm32f4xx_hal_uart.o
                0x0800209e                HAL_UART_RxCpltCallback
 .text.UART_Receive_IT
                0x080020a0       0x92 Drivers/STM32F4xx_HAL_Driver/Src/stm32f4xx_hal_uart.o
 .text.HAL_UART_ErrorCallback
                0x08002132        0x2 Drivers/STM32F4xx_HAL_Driver/Src/stm32f4xx_hal_uart.o
                0x08002132                HAL_UART_ErrorCallback
 .text.HAL_UART_IRQHandler
                0x08002134      0x120 Drivers/STM32F4xx_HAL_Driver/Src/stm32f4xx_hal_uart.o
                0x08002134                HAL_UART_IRQHandler
 .text.UART_DMAAbortOnError
                0x08002254       0x10 Drivers/STM32F4xx_HAL_Driver/Src/stm32f4xx_hal_uart.o
 .text.MX_GPIO_Init
                0x08002264      0x148 Src/main.o
 .text.MX_USART3_UART_Init
                0x080023ac       0x2c Src/main.o
 .text.MX_ADC1_Init
                0x080023d8       0x58 Src/main.o
 .text.MX_ADC2_Init
                0x08002430       0x58 Src/main.o
 .text.MX_ADC3_Init
                0x08002488       0x58 Src/main.o
 .text.MX_TIM4_Init
                0x080024e0       0x54 Src/main.o
 .text.HAL_TIM_PeriodElapsedCallback
                0x08002534      0x2e4 Src/main.o
                0x08002534                HAL_TIM_PeriodElapsedCallback
 .text.HAL_GPIO_EXTI_Callback
                0x08002818      0x5e4 Src/main.o
                0x08002818                HAL_GPIO_EXTI_Callback
 .text.SystemClock_Config
                0x08002dfc       0x94 Src/main.o
                0x08002dfc                SystemClock_Config
 .text.main     0x08002e90       0x30 Src/main.o
                0x08002e90                main
 .text.HAL_MspInit
                0x08002ec0       0x38 Src/stm32f4xx_hal_msp.o
                0x08002ec0                HAL_MspInit
 .text.HAL_ADC_MspInit
                0x08002ef8       0xf8 Src/stm32f4xx_hal_msp.o
                0x08002ef8                HAL_ADC_MspInit
 .text.HAL_TIM_Base_MspInit
                0x08002ff0       0x40 Src/stm32f4xx_hal_msp.o
                0x08002ff0                HAL_TIM_Base_MspInit
 .text.HAL_UART_MspInit
                0x08003030       0x84 Src/stm32f4xx_hal_msp.o
                0x08003030                HAL_UART_MspInit
 .text.NMI_Handler
                0x080030b4        0x2 Src/stm32f4xx_it.o
                0x080030b4                NMI_Handler
 .text.HardFault_Handler
                0x080030b6        0x2 Src/stm32f4xx_it.o
                0x080030b6                HardFault_Handler
 .text.MemManage_Handler
                0x080030b8        0x2 Src/stm32f4xx_it.o
                0x080030b8                MemManage_Handler
 .text.BusFault_Handler
                0x080030ba        0x2 Src/stm32f4xx_it.o
                0x080030ba                BusFault_Handler
 .text.UsageFault_Handler
                0x080030bc        0x2 Src/stm32f4xx_it.o
                0x080030bc                UsageFault_Handler
 .text.SVC_Handler
                0x080030be        0x2 Src/stm32f4xx_it.o
                0x080030be                SVC_Handler
 .text.DebugMon_Handler
                0x080030c0        0x2 Src/stm32f4xx_it.o
                0x080030c0                DebugMon_Handler
 .text.PendSV_Handler
                0x080030c2        0x2 Src/stm32f4xx_it.o
                0x080030c2                PendSV_Handler
 .text.SysTick_Handler
                0x080030c4        0x8 Src/stm32f4xx_it.o
                0x080030c4                SysTick_Handler
 .text.EXTI2_IRQHandler
                0x080030cc        0xa Src/stm32f4xx_it.o
                0x080030cc                EXTI2_IRQHandler
 .text.EXTI3_IRQHandler
                0x080030d6        0xa Src/stm32f4xx_it.o
                0x080030d6                EXTI3_IRQHandler
 .text.EXTI4_IRQHandler
                0x080030e0        0xa Src/stm32f4xx_it.o
                0x080030e0                EXTI4_IRQHandler
 .text.EXTI9_5_IRQHandler
                0x080030ea       0x26 Src/stm32f4xx_it.o
                0x080030ea                EXTI9_5_IRQHandler
 .text.TIM4_IRQHandler
                0x08003110       0x10 Src/stm32f4xx_it.o
                0x08003110                TIM4_IRQHandler
 .text.USART3_IRQHandler
                0x08003120       0x10 Src/stm32f4xx_it.o
                0x08003120                USART3_IRQHandler
 .text.EXTI15_10_IRQHandler
                0x08003130       0x24 Src/stm32f4xx_it.o
                0x08003130                EXTI15_10_IRQHandler
 .text.SystemInit
                0x08003154       0x4c Src/system_stm32f4xx.o
                0x08003154                SystemInit
 .text.Reset_Handler
                0x080031a0       0x50 startup/startup_stm32f407xx.o
                0x080031a0                Reset_Handler
 .text.Default_Handler
                0x080031f0        0x2 startup/startup_stm32f407xx.o
                0x080031f0                RTC_Alarm_IRQHandler
                0x080031f0                HASH_RNG_IRQHandler
                0x080031f0                TIM8_CC_IRQHandler
                0x080031f0                TIM1_CC_IRQHandler
                0x080031f0                DMA2_Stream5_IRQHandler
                0x080031f0                DMA1_Stream5_IRQHandler
                0x080031f0                PVD_IRQHandler
                0x080031f0                SDIO_IRQHandler
                0x080031f0                TAMP_STAMP_IRQHandler
                0x080031f0                CAN2_RX1_IRQHandler
                0x080031f0                TIM8_TRG_COM_TIM14_IRQHandler
                0x080031f0                TIM1_UP_TIM10_IRQHandler
                0x080031f0                TIM8_UP_TIM13_IRQHandler
                0x080031f0                I2C3_ER_IRQHandler
                0x080031f0                EXTI0_IRQHandler
                0x080031f0                I2C2_EV_IRQHandler
                0x080031f0                DMA1_Stream2_IRQHandler
                0x080031f0                CAN1_RX0_IRQHandler
                0x080031f0                FPU_IRQHandler
                0x080031f0                OTG_HS_WKUP_IRQHandler
                0x080031f0                CAN2_SCE_IRQHandler
                0x080031f0                DMA2_Stream2_IRQHandler
                0x080031f0                SPI1_IRQHandler
                0x080031f0                TIM6_DAC_IRQHandler
                0x080031f0                TIM1_BRK_TIM9_IRQHandler
                0x080031f0                DCMI_IRQHandler
                0x080031f0                CAN2_RX0_IRQHandler
                0x080031f0                DMA2_Stream3_IRQHandler
                0x080031f0                USART6_IRQHandler
                0x080031f0                CAN1_RX1_IRQHandler
                0x080031f0                UART5_IRQHandler
                0x080031f0                DMA2_Stream0_IRQHandler
                0x080031f0                I2C1_EV_IRQHandler
                0x080031f0                DMA1_Stream6_IRQHandler
                0x080031f0                DMA1_Stream1_IRQHandler
                0x080031f0                UART4_IRQHandler
                0x080031f0                TIM3_IRQHandler
                0x080031f0                RCC_IRQHandler
                0x080031f0                TIM8_BRK_TIM12_IRQHandler
                0x080031f0                Default_Handler
                0x080031f0                ADC_IRQHandler
                0x080031f0                DMA1_Stream7_IRQHandler
                0x080031f0                TIM7_IRQHandler
                0x080031f0                CAN2_TX_IRQHandler
                0x080031f0                TIM5_IRQHandler
                0x080031f0                DMA2_Stream7_IRQHandler
                0x080031f0                I2C3_EV_IRQHandler
                0x080031f0                RTC_WKUP_IRQHandler
                0x080031f0                ETH_WKUP_IRQHandler
                0x080031f0                SPI2_IRQHandler
                0x080031f0                OTG_HS_EP1_IN_IRQHandler
                0x080031f0                DMA1_Stream0_IRQHandler
                0x080031f0                CAN1_TX_IRQHandler
                0x080031f0                FSMC_IRQHandler
                0x080031f0                ETH_IRQHandler
                0x080031f0                OTG_HS_EP1_OUT_IRQHandler
                0x080031f0                WWDG_IRQHandler
                0x080031f0                TIM2_IRQHandler
                0x080031f0                OTG_FS_WKUP_IRQHandler
                0x080031f0                TIM1_TRG_COM_TIM11_IRQHandler
                0x080031f0                OTG_HS_IRQHandler
                0x080031f0                EXTI1_IRQHandler
                0x080031f0                USART2_IRQHandler
                0x080031f0                I2C2_ER_IRQHandler
                0x080031f0                DMA2_Stream1_IRQHandler
                0x080031f0                CAN1_SCE_IRQHandler
                0x080031f0                FLASH_IRQHandler
                0x080031f0                DMA2_Stream4_IRQHandler
                0x080031f0                USART1_IRQHandler
                0x080031f0                OTG_FS_IRQHandler
                0x080031f0                SPI3_IRQHandler
                0x080031f0                DMA1_Stream4_IRQHandler
                0x080031f0                I2C1_ER_IRQHandler
                0x080031f0                DMA2_Stream6_IRQHandler
                0x080031f0                DMA1_Stream3_IRQHandler
 *fill*         0x080031f2        0x2 
 .text.__libc_init_array
                0x080031f4       0x48 c:/ac6/systemworkbench/plugins/fr.ac6.mcu.externaltools.arm-none.win32_1.17.0.201812190825/tools/compiler/bin/../lib/gcc/arm-none-eabi/7.3.1/../../../../arm-none-eabi/lib/thumb/v7e-m/fpv4-sp/hard\libc_nano.a(lib_a-init.o)
                0x080031f4                __libc_init_array
 .text.memset   0x0800323c       0x10 c:/ac6/systemworkbench/plugins/fr.ac6.mcu.externaltools.arm-none.win32_1.17.0.201812190825/tools/compiler/bin/../lib/gcc/arm-none-eabi/7.3.1/../../../../arm-none-eabi/lib/thumb/v7e-m/fpv4-sp/hard\libc_nano.a(lib_a-memset.o)
                0x0800323c                memset
 *(.glue_7)
 .glue_7        0x0800324c        0x0 linker stubs
 *(.glue_7t)
 .glue_7t       0x0800324c        0x0 linker stubs
 *(.eh_frame)
 .eh_frame      0x0800324c        0x0 c:/ac6/systemworkbench/plugins/fr.ac6.mcu.externaltools.arm-none.win32_1.17.0.201812190825/tools/compiler/bin/../lib/gcc/arm-none-eabi/7.3.1/thumb/v7e-m/fpv4-sp/hard/crtbegin.o
 *(.init)
 .init          0x0800324c        0x4 c:/ac6/systemworkbench/plugins/fr.ac6.mcu.externaltools.arm-none.win32_1.17.0.201812190825/tools/compiler/bin/../lib/gcc/arm-none-eabi/7.3.1/thumb/v7e-m/fpv4-sp/hard/crti.o
                0x0800324c                _init
 .init          0x08003250        0x8 c:/ac6/systemworkbench/plugins/fr.ac6.mcu.externaltools.arm-none.win32_1.17.0.201812190825/tools/compiler/bin/../lib/gcc/arm-none-eabi/7.3.1/thumb/v7e-m/fpv4-sp/hard/crtn.o
 *(.fini)
 .fini          0x08003258        0x4 c:/ac6/systemworkbench/plugins/fr.ac6.mcu.externaltools.arm-none.win32_1.17.0.201812190825/tools/compiler/bin/../lib/gcc/arm-none-eabi/7.3.1/thumb/v7e-m/fpv4-sp/hard/crti.o
                0x08003258                _fini
 .fini          0x0800325c        0x8 c:/ac6/systemworkbench/plugins/fr.ac6.mcu.externaltools.arm-none.win32_1.17.0.201812190825/tools/compiler/bin/../lib/gcc/arm-none-eabi/7.3.1/thumb/v7e-m/fpv4-sp/hard/crtn.o
                0x08003264                . = ALIGN (0x4)
                0x08003264                _etext = .

.vfp11_veneer   0x08003264        0x0
 .vfp11_veneer  0x08003264        0x0 linker stubs

.v4_bx          0x08003264        0x0
 .v4_bx         0x08003264        0x0 linker stubs

.iplt           0x08003264        0x0
 .iplt          0x08003264        0x0 c:/ac6/systemworkbench/plugins/fr.ac6.mcu.externaltools.arm-none.win32_1.17.0.201812190825/tools/compiler/bin/../lib/gcc/arm-none-eabi/7.3.1/thumb/v7e-m/fpv4-sp/hard/crtbegin.o

.rodata         0x08003264       0x18
                0x08003264                . = ALIGN (0x4)
 *(.rodata)
 .rodata        0x08003264       0x18 Src/system_stm32f4xx.o
                0x08003264                AHBPrescTable
                0x08003274                APBPrescTable
 *(.rodata*)
                0x0800327c                . = ALIGN (0x4)

.ARM.extab
 *(.ARM.extab* .gnu.linkonce.armextab.*)

.ARM            0x0800327c        0x8
                0x0800327c                __exidx_start = .
 *(.ARM.exidx*)
 .ARM.exidx     0x0800327c        0x8 c:/ac6/systemworkbench/plugins/fr.ac6.mcu.externaltools.arm-none.win32_1.17.0.201812190825/tools/compiler/bin/../lib/gcc/arm-none-eabi/7.3.1/thumb/v7e-m/fpv4-sp/hard\libgcc.a(_udivmoddi4.o)
                0x08003284                __exidx_end = .

.rel.dyn        0x08003284        0x0
 .rel.iplt      0x08003284        0x0 c:/ac6/systemworkbench/plugins/fr.ac6.mcu.externaltools.arm-none.win32_1.17.0.201812190825/tools/compiler/bin/../lib/gcc/arm-none-eabi/7.3.1/thumb/v7e-m/fpv4-sp/hard/crtbegin.o

.preinit_array  0x08003284        0x0
                0x08003284                PROVIDE (__preinit_array_start = .)
 *(.preinit_array*)
                0x08003284                PROVIDE (__preinit_array_end = .)

.init_array     0x08003284        0x4
                0x08003284                PROVIDE (__init_array_start = .)
 *(SORT_BY_NAME(.init_array.*))
 *(.init_array*)
 .init_array    0x08003284        0x4 c:/ac6/systemworkbench/plugins/fr.ac6.mcu.externaltools.arm-none.win32_1.17.0.201812190825/tools/compiler/bin/../lib/gcc/arm-none-eabi/7.3.1/thumb/v7e-m/fpv4-sp/hard/crtbegin.o
                0x08003288                PROVIDE (__init_array_end = .)

.fini_array     0x08003288        0x4
                [!provide]                PROVIDE (__fini_array_start = .)
 *(SORT_BY_NAME(.fini_array.*))
 *(.fini_array*)
 .fini_array    0x08003288        0x4 c:/ac6/systemworkbench/plugins/fr.ac6.mcu.externaltools.arm-none.win32_1.17.0.201812190825/tools/compiler/bin/../lib/gcc/arm-none-eabi/7.3.1/thumb/v7e-m/fpv4-sp/hard/crtbegin.o
                [!provide]                PROVIDE (__fini_array_end = .)
                0x0800328c                _sidata = LOADADDR (.data)

.data           0x20000000        0xc load address 0x0800328c
                0x20000000                . = ALIGN (0x4)
                0x20000000                _sdata = .
 *(.data)
 .data          0x20000000        0x8 Drivers/STM32F4xx_HAL_Driver/Src/stm32f4xx_hal.o
                0x20000000                uwTickFreq
                0x20000004                uwTickPrio
 .data          0x20000008        0x4 Src/system_stm32f4xx.o
                0x20000008                SystemCoreClock
 *(.data*)
                0x2000000c                . = ALIGN (0x4)
                0x2000000c                _edata = .
                0x08003298                _siccmram = LOADADDR (.ccmram)

.igot.plt       0x2000000c        0x0 load address 0x08003298
 .igot.plt      0x2000000c        0x0 c:/ac6/systemworkbench/plugins/fr.ac6.mcu.externaltools.arm-none.win32_1.17.0.201812190825/tools/compiler/bin/../lib/gcc/arm-none-eabi/7.3.1/thumb/v7e-m/fpv4-sp/hard/crtbegin.o

.ccmram         0x10000000        0x0 load address 0x08003298
                0x10000000                . = ALIGN (0x4)
                0x10000000                _sccmram = .
 *(.ccmram)
 *(.ccmram*)
                0x10000000                . = ALIGN (0x4)
                0x10000000                _eccmram = .
                0x10000000                . = ALIGN (0x4)

.bss            0x2000000c      0x184
                0x2000000c                _sbss = .
                0x2000000c                __bss_start__ = _sbss
 *(.bss)
 .bss           0x2000000c       0x1c c:/ac6/systemworkbench/plugins/fr.ac6.mcu.externaltools.arm-none.win32_1.17.0.201812190825/tools/compiler/bin/../lib/gcc/arm-none-eabi/7.3.1/thumb/v7e-m/fpv4-sp/hard/crtbegin.o
 .bss           0x20000028        0x2 Src/main.o
                0x20000028                check_value2
                0x20000029                check_value3
 *(.bss*)
 *(COMMON)
 *fill*         0x2000002a        0x2 
 COMMON         0x2000002c        0x4 Drivers/STM32F4xx_HAL_Driver/Src/stm32f4xx_hal.o
                0x2000002c                uwTick
 COMMON         0x20000030      0x15e Src/main.o
                0x20000030                htim4
                0x2000006c                huart3
                0x200000ac                hadc2
                0x200000f4                hadc1
                0x2000013c                value3
                0x20000140                hadc3
                0x20000188                counter
                0x2000018c                value2
                0x2000018d                value1
                0x20000190                . = ALIGN (0x4)
 *fill*         0x2000018e        0x2 
                0x20000190                _ebss = .
                0x20000190                __bss_end__ = _ebss

._user_heap_stack
                0x20000190      0x600
                0x20000190                . = ALIGN (0x8)
                [!provide]                PROVIDE (end = .)
                [!provide]                PROVIDE (_end = .)
                0x20000390                . = (. + _Min_Heap_Size)
 *fill*         0x20000190      0x200 
                0x20000790                . = (. + _Min_Stack_Size)
 *fill*         0x20000390      0x400 
                0x20000790                . = ALIGN (0x8)

/DISCARD/
 libc.a(*)
 libm.a(*)
 libgcc.a(*)

.ARM.attributes
                0x00000000       0x30
 *(.ARM.attributes)
 .ARM.attributes
                0x00000000       0x22 c:/ac6/systemworkbench/plugins/fr.ac6.mcu.externaltools.arm-none.win32_1.17.0.201812190825/tools/compiler/bin/../lib/gcc/arm-none-eabi/7.3.1/thumb/v7e-m/fpv4-sp/hard/crti.o
 .ARM.attributes
                0x00000022       0x34 c:/ac6/systemworkbench/plugins/fr.ac6.mcu.externaltools.arm-none.win32_1.17.0.201812190825/tools/compiler/bin/../lib/gcc/arm-none-eabi/7.3.1/thumb/v7e-m/fpv4-sp/hard/crtbegin.o
 .ARM.attributes
                0x00000056       0x39 Drivers/STM32F4xx_HAL_Driver/Src/stm32f4xx_hal.o
 .ARM.attributes
                0x0000008f       0x39 Drivers/STM32F4xx_HAL_Driver/Src/stm32f4xx_hal_adc.o
 .ARM.attributes
                0x000000c8       0x39 Drivers/STM32F4xx_HAL_Driver/Src/stm32f4xx_hal_cortex.o
 .ARM.attributes
                0x00000101       0x39 Drivers/STM32F4xx_HAL_Driver/Src/stm32f4xx_hal_dma.o
 .ARM.attributes
                0x0000013a       0x39 Drivers/STM32F4xx_HAL_Driver/Src/stm32f4xx_hal_gpio.o
 .ARM.attributes
                0x00000173       0x39 Drivers/STM32F4xx_HAL_Driver/Src/stm32f4xx_hal_rcc.o
 .ARM.attributes
                0x000001ac       0x39 Drivers/STM32F4xx_HAL_Driver/Src/stm32f4xx_hal_tim.o
 .ARM.attributes
                0x000001e5       0x39 Drivers/STM32F4xx_HAL_Driver/Src/stm32f4xx_hal_tim_ex.o
 .ARM.attributes
                0x0000021e       0x39 Drivers/STM32F4xx_HAL_Driver/Src/stm32f4xx_hal_uart.o
 .ARM.attributes
                0x00000257       0x39 Src/main.o
 .ARM.attributes
                0x00000290       0x39 Src/stm32f4xx_hal_msp.o
 .ARM.attributes
                0x000002c9       0x39 Src/stm32f4xx_it.o
 .ARM.attributes
                0x00000302       0x39 Src/system_stm32f4xx.o
 .ARM.attributes
                0x0000033b       0x21 startup/startup_stm32f407xx.o
 .ARM.attributes
                0x0000035c       0x22 c:/ac6/systemworkbench/plugins/fr.ac6.mcu.externaltools.arm-none.win32_1.17.0.201812190825/tools/compiler/bin/../lib/gcc/arm-none-eabi/7.3.1/thumb/v7e-m/fpv4-sp/hard\libgcc.a(_arm_addsubdf3.o)
 .ARM.attributes
                0x0000037e       0x22 c:/ac6/systemworkbench/plugins/fr.ac6.mcu.externaltools.arm-none.win32_1.17.0.201812190825/tools/compiler/bin/../lib/gcc/arm-none-eabi/7.3.1/thumb/v7e-m/fpv4-sp/hard\libgcc.a(_arm_cmpdf2.o)
 .ARM.attributes
                0x000003a0       0x22 c:/ac6/systemworkbench/plugins/fr.ac6.mcu.externaltools.arm-none.win32_1.17.0.201812190825/tools/compiler/bin/../lib/gcc/arm-none-eabi/7.3.1/thumb/v7e-m/fpv4-sp/hard\libgcc.a(_aeabi_uldivmod.o)
 .ARM.attributes
                0x000003c2       0x34 c:/ac6/systemworkbench/plugins/fr.ac6.mcu.externaltools.arm-none.win32_1.17.0.201812190825/tools/compiler/bin/../lib/gcc/arm-none-eabi/7.3.1/thumb/v7e-m/fpv4-sp/hard\libgcc.a(_udivmoddi4.o)
 .ARM.attributes
                0x000003f6       0x22 c:/ac6/systemworkbench/plugins/fr.ac6.mcu.externaltools.arm-none.win32_1.17.0.201812190825/tools/compiler/bin/../lib/gcc/arm-none-eabi/7.3.1/thumb/v7e-m/fpv4-sp/hard\libgcc.a(_dvmd_tls.o)
 .ARM.attributes
                0x00000418       0x34 c:/ac6/systemworkbench/plugins/fr.ac6.mcu.externaltools.arm-none.win32_1.17.0.201812190825/tools/compiler/bin/../lib/gcc/arm-none-eabi/7.3.1/../../../../arm-none-eabi/lib/thumb/v7e-m/fpv4-sp/hard\libc_nano.a(lib_a-init.o)
 .ARM.attributes
                0x0000044c       0x34 c:/ac6/systemworkbench/plugins/fr.ac6.mcu.externaltools.arm-none.win32_1.17.0.201812190825/tools/compiler/bin/../lib/gcc/arm-none-eabi/7.3.1/../../../../arm-none-eabi/lib/thumb/v7e-m/fpv4-sp/hard\libc_nano.a(lib_a-memset.o)
 .ARM.attributes
                0x00000480       0x22 c:/ac6/systemworkbench/plugins/fr.ac6.mcu.externaltools.arm-none.win32_1.17.0.201812190825/tools/compiler/bin/../lib/gcc/arm-none-eabi/7.3.1/thumb/v7e-m/fpv4-sp/hard/crtn.o
OUTPUT(MIDI.elf elf32-littlearm)

.debug_info     0x00000000    0x14b4b
 .debug_info    0x00000000     0x11d9 Drivers/STM32F4xx_HAL_Driver/Src/stm32f4xx_hal.o
 .debug_info    0x000011d9     0x15e9 Drivers/STM32F4xx_HAL_Driver/Src/stm32f4xx_hal_adc.o
 .debug_info    0x000027c2     0x1755 Drivers/STM32F4xx_HAL_Driver/Src/stm32f4xx_hal_cortex.o
 .debug_info    0x00003f17     0x127b Drivers/STM32F4xx_HAL_Driver/Src/stm32f4xx_hal_dma.o
 .debug_info    0x00005192      0xf93 Drivers/STM32F4xx_HAL_Driver/Src/stm32f4xx_hal_gpio.o
 .debug_info    0x00006125     0x125b Drivers/STM32F4xx_HAL_Driver/Src/stm32f4xx_hal_rcc.o
 .debug_info    0x00007380     0x368f Drivers/STM32F4xx_HAL_Driver/Src/stm32f4xx_hal_tim.o
 .debug_info    0x0000aa0f     0x1b25 Drivers/STM32F4xx_HAL_Driver/Src/stm32f4xx_hal_tim_ex.o
 .debug_info    0x0000c534     0x1f1a Drivers/STM32F4xx_HAL_Driver/Src/stm32f4xx_hal_uart.o
 .debug_info    0x0000e44e     0x2c77 Src/main.o
 .debug_info    0x000110c5     0x1ac1 Src/stm32f4xx_hal_msp.o
 .debug_info    0x00012b86     0x127a Src/stm32f4xx_it.o
 .debug_info    0x00013e00      0xd29 Src/system_stm32f4xx.o
 .debug_info    0x00014b29       0x22 startup/startup_stm32f407xx.o

.debug_abbrev   0x00000000     0x25f5
 .debug_abbrev  0x00000000      0x2e5 Drivers/STM32F4xx_HAL_Driver/Src/stm32f4xx_hal.o
 .debug_abbrev  0x000002e5      0x2cf Drivers/STM32F4xx_HAL_Driver/Src/stm32f4xx_hal_adc.o
 .debug_abbrev  0x000005b4      0x3d6 Drivers/STM32F4xx_HAL_Driver/Src/stm32f4xx_hal_cortex.o
 .debug_abbrev  0x0000098a      0x32a Drivers/STM32F4xx_HAL_Driver/Src/stm32f4xx_hal_dma.o
 .debug_abbrev  0x00000cb4      0x2a7 Drivers/STM32F4xx_HAL_Driver/Src/stm32f4xx_hal_gpio.o
 .debug_abbrev  0x00000f5b      0x333 Drivers/STM32F4xx_HAL_Driver/Src/stm32f4xx_hal_rcc.o
 .debug_abbrev  0x0000128e      0x2e0 Drivers/STM32F4xx_HAL_Driver/Src/stm32f4xx_hal_tim.o
 .debug_abbrev  0x0000156e      0x2e0 Drivers/STM32F4xx_HAL_Driver/Src/stm32f4xx_hal_tim_ex.o
 .debug_abbrev  0x0000184e      0x344 Drivers/STM32F4xx_HAL_Driver/Src/stm32f4xx_hal_uart.o
 .debug_abbrev  0x00001b92      0x336 Src/main.o
 .debug_abbrev  0x00001ec8      0x2a6 Src/stm32f4xx_hal_msp.o
 .debug_abbrev  0x0000216e      0x270 Src/stm32f4xx_it.o
 .debug_abbrev  0x000023de      0x205 Src/system_stm32f4xx.o
 .debug_abbrev  0x000025e3       0x12 startup/startup_stm32f407xx.o

.debug_loc      0x00000000     0x817a
 .debug_loc     0x00000000       0xfd Drivers/STM32F4xx_HAL_Driver/Src/stm32f4xx_hal.o
 .debug_loc     0x000000fd      0x92c Drivers/STM32F4xx_HAL_Driver/Src/stm32f4xx_hal_adc.o
 .debug_loc     0x00000a29      0x5ce Drivers/STM32F4xx_HAL_Driver/Src/stm32f4xx_hal_cortex.o
 .debug_loc     0x00000ff7      0xb4e Drivers/STM32F4xx_HAL_Driver/Src/stm32f4xx_hal_dma.o
 .debug_loc     0x00001b45      0x469 Drivers/STM32F4xx_HAL_Driver/Src/stm32f4xx_hal_gpio.o
 .debug_loc     0x00001fae      0x3f1 Drivers/STM32F4xx_HAL_Driver/Src/stm32f4xx_hal_rcc.o
 .debug_loc     0x0000239f     0x3612 Drivers/STM32F4xx_HAL_Driver/Src/stm32f4xx_hal_tim.o
 .debug_loc     0x000059b1      0xefe Drivers/STM32F4xx_HAL_Driver/Src/stm32f4xx_hal_tim_ex.o
 .debug_loc     0x000068af     0x158b Drivers/STM32F4xx_HAL_Driver/Src/stm32f4xx_hal_uart.o
 .debug_loc     0x00007e3a       0x5b Src/main.o
 .debug_loc     0x00007e95      0x1a7 Src/stm32f4xx_hal_msp.o
 .debug_loc     0x0000803c      0x13e Src/system_stm32f4xx.o

.debug_aranges  0x00000000      0xc00
 .debug_aranges
                0x00000000       0xe0 Drivers/STM32F4xx_HAL_Driver/Src/stm32f4xx_hal.o
 .debug_aranges
                0x000000e0       0xe8 Drivers/STM32F4xx_HAL_Driver/Src/stm32f4xx_hal_adc.o
 .debug_aranges
                0x000001c8       0xa8 Drivers/STM32F4xx_HAL_Driver/Src/stm32f4xx_hal_cortex.o
 .debug_aranges
                0x00000270       0x90 Drivers/STM32F4xx_HAL_Driver/Src/stm32f4xx_hal_dma.o
 .debug_aranges
                0x00000300       0x58 Drivers/STM32F4xx_HAL_Driver/Src/stm32f4xx_hal_gpio.o
 .debug_aranges
                0x00000358       0x88 Drivers/STM32F4xx_HAL_Driver/Src/stm32f4xx_hal_rcc.o
 .debug_aranges
                0x000003e0      0x368 Drivers/STM32F4xx_HAL_Driver/Src/stm32f4xx_hal_tim.o
 .debug_aranges
                0x00000748      0x140 Drivers/STM32F4xx_HAL_Driver/Src/stm32f4xx_hal_tim_ex.o
 .debug_aranges
                0x00000888      0x1d0 Drivers/STM32F4xx_HAL_Driver/Src/stm32f4xx_hal_uart.o
 .debug_aranges
                0x00000a58       0x70 Src/main.o
 .debug_aranges
                0x00000ac8       0x50 Src/stm32f4xx_hal_msp.o
 .debug_aranges
                0x00000b18       0x98 Src/stm32f4xx_it.o
 .debug_aranges
                0x00000bb0       0x28 Src/system_stm32f4xx.o
 .debug_aranges
                0x00000bd8       0x28 startup/startup_stm32f407xx.o

.debug_ranges   0x00000000      0xba0
 .debug_ranges  0x00000000       0xd0 Drivers/STM32F4xx_HAL_Driver/Src/stm32f4xx_hal.o
 .debug_ranges  0x000000d0       0xd8 Drivers/STM32F4xx_HAL_Driver/Src/stm32f4xx_hal_adc.o
 .debug_ranges  0x000001a8       0xf8 Drivers/STM32F4xx_HAL_Driver/Src/stm32f4xx_hal_cortex.o
 .debug_ranges  0x000002a0       0x80 Drivers/STM32F4xx_HAL_Driver/Src/stm32f4xx_hal_dma.o
 .debug_ranges  0x00000320       0x48 Drivers/STM32F4xx_HAL_Driver/Src/stm32f4xx_hal_gpio.o
 .debug_ranges  0x00000368       0x90 Drivers/STM32F4xx_HAL_Driver/Src/stm32f4xx_hal_rcc.o
 .debug_ranges  0x000003f8      0x358 Drivers/STM32F4xx_HAL_Driver/Src/stm32f4xx_hal_tim.o
 .debug_ranges  0x00000750      0x130 Drivers/STM32F4xx_HAL_Driver/Src/stm32f4xx_hal_tim_ex.o
 .debug_ranges  0x00000880      0x1c0 Drivers/STM32F4xx_HAL_Driver/Src/stm32f4xx_hal_uart.o
 .debug_ranges  0x00000a40       0x60 Src/main.o
 .debug_ranges  0x00000aa0       0x40 Src/stm32f4xx_hal_msp.o
 .debug_ranges  0x00000ae0       0x88 Src/stm32f4xx_it.o
 .debug_ranges  0x00000b68       0x18 Src/system_stm32f4xx.o
 .debug_ranges  0x00000b80       0x20 startup/startup_stm32f407xx.o

.debug_macro    0x00000000    0x21de2
 .debug_macro   0x00000000      0x390 Drivers/STM32F4xx_HAL_Driver/Src/stm32f4xx_hal.o
 .debug_macro   0x00000390      0xa60 Drivers/STM32F4xx_HAL_Driver/Src/stm32f4xx_hal.o
 .debug_macro   0x00000df0      0x18c Drivers/STM32F4xx_HAL_Driver/Src/stm32f4xx_hal.o
 .debug_macro   0x00000f7c       0x32 Drivers/STM32F4xx_HAL_Driver/Src/stm32f4xx_hal.o
 .debug_macro   0x00000fae       0x2f Drivers/STM32F4xx_HAL_Driver/Src/stm32f4xx_hal.o
 .debug_macro   0x00000fdd       0x22 Drivers/STM32F4xx_HAL_Driver/Src/stm32f4xx_hal.o
 .debug_macro   0x00000fff       0x8e Drivers/STM32F4xx_HAL_Driver/Src/stm32f4xx_hal.o
 .debug_macro   0x0000108d       0x51 Drivers/STM32F4xx_HAL_Driver/Src/stm32f4xx_hal.o
 .debug_macro   0x000010de       0xef Drivers/STM32F4xx_HAL_Driver/Src/stm32f4xx_hal.o
 .debug_macro   0x000011cd       0x6a Drivers/STM32F4xx_HAL_Driver/Src/stm32f4xx_hal.o
 .debug_macro   0x00001237      0x1df Drivers/STM32F4xx_HAL_Driver/Src/stm32f4xx_hal.o
 .debug_macro   0x00001416       0x35 Drivers/STM32F4xx_HAL_Driver/Src/stm32f4xx_hal.o
 .debug_macro   0x0000144b       0x50 Drivers/STM32F4xx_HAL_Driver/Src/stm32f4xx_hal.o
 .debug_macro   0x0000149b      0xe66 Drivers/STM32F4xx_HAL_Driver/Src/stm32f4xx_hal.o
 .debug_macro   0x00002301    0x15d08 Drivers/STM32F4xx_HAL_Driver/Src/stm32f4xx_hal.o
 .debug_macro   0x00018009       0x43 Drivers/STM32F4xx_HAL_Driver/Src/stm32f4xx_hal.o
 .debug_macro   0x0001804c     0x3535 Drivers/STM32F4xx_HAL_Driver/Src/stm32f4xx_hal.o
 .debug_macro   0x0001b581       0x5e Drivers/STM32F4xx_HAL_Driver/Src/stm32f4xx_hal.o
 .debug_macro   0x0001b5df       0x18 Drivers/STM32F4xx_HAL_Driver/Src/stm32f4xx_hal.o
 .debug_macro   0x0001b5f7       0x35 Drivers/STM32F4xx_HAL_Driver/Src/stm32f4xx_hal.o
 .debug_macro   0x0001b62c       0x34 Drivers/STM32F4xx_HAL_Driver/Src/stm32f4xx_hal.o
 .debug_macro   0x0001b660       0x16 Drivers/STM32F4xx_HAL_Driver/Src/stm32f4xx_hal.o
 .debug_macro   0x0001b676       0x97 Drivers/STM32F4xx_HAL_Driver/Src/stm32f4xx_hal.o
 .debug_macro   0x0001b70d      0x330 Drivers/STM32F4xx_HAL_Driver/Src/stm32f4xx_hal.o
 .debug_macro   0x0001ba3d       0xfd Drivers/STM32F4xx_HAL_Driver/Src/stm32f4xx_hal.o
 .debug_macro   0x0001bb3a       0x10 Drivers/STM32F4xx_HAL_Driver/Src/stm32f4xx_hal.o
 .debug_macro   0x0001bb4a       0x58 Drivers/STM32F4xx_HAL_Driver/Src/stm32f4xx_hal.o
 .debug_macro   0x0001bba2       0x1f Drivers/STM32F4xx_HAL_Driver/Src/stm32f4xx_hal.o
 .debug_macro   0x0001bbc1       0x43 Drivers/STM32F4xx_HAL_Driver/Src/stm32f4xx_hal.o
 .debug_macro   0x0001bc04       0x20 Drivers/STM32F4xx_HAL_Driver/Src/stm32f4xx_hal.o
 .debug_macro   0x0001bc24      0x18e Drivers/STM32F4xx_HAL_Driver/Src/stm32f4xx_hal.o
 .debug_macro   0x0001bdb2       0x10 Drivers/STM32F4xx_HAL_Driver/Src/stm32f4xx_hal.o
 .debug_macro   0x0001bdc2       0x1c Drivers/STM32F4xx_HAL_Driver/Src/stm32f4xx_hal.o
 .debug_macro   0x0001bdde       0x52 Drivers/STM32F4xx_HAL_Driver/Src/stm32f4xx_hal.o
 .debug_macro   0x0001be30       0x40 Drivers/STM32F4xx_HAL_Driver/Src/stm32f4xx_hal.o
 .debug_macro   0x0001be70       0x10 Drivers/STM32F4xx_HAL_Driver/Src/stm32f4xx_hal.o
 .debug_macro   0x0001be80       0x40 Drivers/STM32F4xx_HAL_Driver/Src/stm32f4xx_hal.o
 .debug_macro   0x0001bec0       0xd7 Drivers/STM32F4xx_HAL_Driver/Src/stm32f4xx_hal.o
 .debug_macro   0x0001bf97       0x1c Drivers/STM32F4xx_HAL_Driver/Src/stm32f4xx_hal.o
 .debug_macro   0x0001bfb3       0x3d Drivers/STM32F4xx_HAL_Driver/Src/stm32f4xx_hal.o
 .debug_macro   0x0001bff0       0x16 Drivers/STM32F4xx_HAL_Driver/Src/stm32f4xx_hal.o
 .debug_macro   0x0001c006      0x16f Drivers/STM32F4xx_HAL_Driver/Src/stm32f4xx_hal.o
 .debug_macro   0x0001c175       0x50 Drivers/STM32F4xx_HAL_Driver/Src/stm32f4xx_hal.o
 .debug_macro   0x0001c1c5      0x96b Drivers/STM32F4xx_HAL_Driver/Src/stm32f4xx_hal.o
 .debug_macro   0x0001cb30      0xa02 Drivers/STM32F4xx_HAL_Driver/Src/stm32f4xx_hal.o
 .debug_macro   0x0001d532      0x11e Drivers/STM32F4xx_HAL_Driver/Src/stm32f4xx_hal.o
 .debug_macro   0x0001d650      0x13e Drivers/STM32F4xx_HAL_Driver/Src/stm32f4xx_hal.o
 .debug_macro   0x0001d78e       0x27 Drivers/STM32F4xx_HAL_Driver/Src/stm32f4xx_hal.o
 .debug_macro   0x0001d7b5      0x287 Drivers/STM32F4xx_HAL_Driver/Src/stm32f4xx_hal.o
 .debug_macro   0x0001da3c       0x5f Drivers/STM32F4xx_HAL_Driver/Src/stm32f4xx_hal.o
 .debug_macro   0x0001da9b      0x23a Drivers/STM32F4xx_HAL_Driver/Src/stm32f4xx_hal.o
 .debug_macro   0x0001dcd5      0x391 Drivers/STM32F4xx_HAL_Driver/Src/stm32f4xx_hal.o
 .debug_macro   0x0001e066      0x176 Drivers/STM32F4xx_HAL_Driver/Src/stm32f4xx_hal.o
 .debug_macro   0x0001e1dc       0xf9 Drivers/STM32F4xx_HAL_Driver/Src/stm32f4xx_hal.o
 .debug_macro   0x0001e2d5      0x133 Drivers/STM32F4xx_HAL_Driver/Src/stm32f4xx_hal.o
 .debug_macro   0x0001e408      0x21e Drivers/STM32F4xx_HAL_Driver/Src/stm32f4xx_hal.o
 .debug_macro   0x0001e626       0x2e Drivers/STM32F4xx_HAL_Driver/Src/stm32f4xx_hal.o
 .debug_macro   0x0001e654      0x11e Drivers/STM32F4xx_HAL_Driver/Src/stm32f4xx_hal.o
 .debug_macro   0x0001e772       0x7f Drivers/STM32F4xx_HAL_Driver/Src/stm32f4xx_hal.o
 .debug_macro   0x0001e7f1       0x89 Drivers/STM32F4xx_HAL_Driver/Src/stm32f4xx_hal.o
 .debug_macro   0x0001e87a      0x6e0 Drivers/STM32F4xx_HAL_Driver/Src/stm32f4xx_hal.o
 .debug_macro   0x0001ef5a       0x59 Drivers/STM32F4xx_HAL_Driver/Src/stm32f4xx_hal.o
 .debug_macro   0x0001efb3      0x14d Drivers/STM32F4xx_HAL_Driver/Src/stm32f4xx_hal.o
 .debug_macro   0x0001f100      0x287 Drivers/STM32F4xx_HAL_Driver/Src/stm32f4xx_hal.o
 .debug_macro   0x0001f387      0x134 Drivers/STM32F4xx_HAL_Driver/Src/stm32f4xx_hal.o
 .debug_macro   0x0001f4bb      0x331 Drivers/STM32F4xx_HAL_Driver/Src/stm32f4xx_hal_adc.o
 .debug_macro   0x0001f7ec      0x330 Drivers/STM32F4xx_HAL_Driver/Src/stm32f4xx_hal_cortex.o
 .debug_macro   0x0001fb1c      0x337 Drivers/STM32F4xx_HAL_Driver/Src/stm32f4xx_hal_dma.o
 .debug_macro   0x0001fe53      0x368 Drivers/STM32F4xx_HAL_Driver/Src/stm32f4xx_hal_gpio.o
 .debug_macro   0x000201bb      0x354 Drivers/STM32F4xx_HAL_Driver/Src/stm32f4xx_hal_rcc.o
 .debug_macro   0x0002050f      0x330 Drivers/STM32F4xx_HAL_Driver/Src/stm32f4xx_hal_tim.o
 .debug_macro   0x0002083f      0x330 Drivers/STM32F4xx_HAL_Driver/Src/stm32f4xx_hal_tim_ex.o
 .debug_macro   0x00020b6f      0x331 Drivers/STM32F4xx_HAL_Driver/Src/stm32f4xx_hal_uart.o
 .debug_macro   0x00020ea0      0x3ad Src/main.o
 .debug_macro   0x0002124d      0x1e1 Src/main.o
 .debug_macro   0x0002142e      0x33a Src/stm32f4xx_hal_msp.o
 .debug_macro   0x00021768      0x344 Src/stm32f4xx_it.o
 .debug_macro   0x00021aac      0x336 Src/system_stm32f4xx.o

.debug_line     0x00000000     0xa15b
 .debug_line    0x00000000      0xa47 Drivers/STM32F4xx_HAL_Driver/Src/stm32f4xx_hal.o
 .debug_line    0x00000a47      0xcef Drivers/STM32F4xx_HAL_Driver/Src/stm32f4xx_hal_adc.o
 .debug_line    0x00001736      0xaa2 Drivers/STM32F4xx_HAL_Driver/Src/stm32f4xx_hal_cortex.o
 .debug_line    0x000021d8      0xb8d Drivers/STM32F4xx_HAL_Driver/Src/stm32f4xx_hal_dma.o
 .debug_line    0x00002d65      0x9ea Drivers/STM32F4xx_HAL_Driver/Src/stm32f4xx_hal_gpio.o
 .debug_line    0x0000374f      0xade Drivers/STM32F4xx_HAL_Driver/Src/stm32f4xx_hal_rcc.o
 .debug_line    0x0000422d     0x18dc Drivers/STM32F4xx_HAL_Driver/Src/stm32f4xx_hal_tim.o
 .debug_line    0x00005b09      0xe22 Drivers/STM32F4xx_HAL_Driver/Src/stm32f4xx_hal_tim_ex.o
 .debug_line    0x0000692b     0x1172 Drivers/STM32F4xx_HAL_Driver/Src/stm32f4xx_hal_uart.o
 .debug_line    0x00007a9d      0xb0b Src/main.o
 .debug_line    0x000085a8      0x92a Src/stm32f4xx_hal_msp.o
 .debug_line    0x00008ed2      0x97c Src/stm32f4xx_it.o
 .debug_line    0x0000984e      0x88e Src/system_stm32f4xx.o
 .debug_line    0x0000a0dc       0x7f startup/startup_stm32f407xx.o

.debug_str      0x00000000    0xc8ff0
 .debug_str     0x00000000    0xc50d2 Drivers/STM32F4xx_HAL_Driver/Src/stm32f4xx_hal.o
                              0xc54a0 (size before relaxing)
 .debug_str     0x000c50d2      0x69a Drivers/STM32F4xx_HAL_Driver/Src/stm32f4xx_hal_adc.o
                              0xc4f0b (size before relaxing)
 .debug_str     0x000c576c      0x3a7 Drivers/STM32F4xx_HAL_Driver/Src/stm32f4xx_hal_cortex.o
                              0xc51e2 (size before relaxing)
 .debug_str     0x000c5b13      0x2fe Drivers/STM32F4xx_HAL_Driver/Src/stm32f4xx_hal_dma.o
                              0xc4d57 (size before relaxing)
 .debug_str     0x000c5e11      0x287 Drivers/STM32F4xx_HAL_Driver/Src/stm32f4xx_hal_gpio.o
                              0xc4b75 (size before relaxing)
 .debug_str     0x000c6098      0x384 Drivers/STM32F4xx_HAL_Driver/Src/stm32f4xx_hal_rcc.o
                              0xc4d3f (size before relaxing)
 .debug_str     0x000c641c      0xe6b Drivers/STM32F4xx_HAL_Driver/Src/stm32f4xx_hal_tim.o
                              0xc597d (size before relaxing)
 .debug_str     0x000c7287      0x4f4 Drivers/STM32F4xx_HAL_Driver/Src/stm32f4xx_hal_tim_ex.o
                              0xc523d (size before relaxing)
 .debug_str     0x000c777b      0x6d6 Drivers/STM32F4xx_HAL_Driver/Src/stm32f4xx_hal_uart.o
                              0xc51ba (size before relaxing)
 .debug_str     0x000c7e51      0xfbc Src/main.o
                              0xc691c (size before relaxing)
 .debug_str     0x000c8e0d       0x25 Src/stm32f4xx_hal_msp.o
                              0xc5604 (size before relaxing)
 .debug_str     0x000c8e32      0x135 Src/stm32f4xx_it.o
                              0xc4eca (size before relaxing)
 .debug_str     0x000c8f67       0x5a Src/system_stm32f4xx.o
                              0xc4931 (size before relaxing)
 .debug_str     0x000c8fc1       0x2f startup/startup_stm32f407xx.o
                                 0x77 (size before relaxing)

.comment        0x00000000       0x7f
 .comment       0x00000000       0x7f Drivers/STM32F4xx_HAL_Driver/Src/stm32f4xx_hal.o
                                 0x80 (size before relaxing)
 .comment       0x0000007f       0x80 Drivers/STM32F4xx_HAL_Driver/Src/stm32f4xx_hal_adc.o
 .comment       0x0000007f       0x80 Drivers/STM32F4xx_HAL_Driver/Src/stm32f4xx_hal_cortex.o
 .comment       0x0000007f       0x80 Drivers/STM32F4xx_HAL_Driver/Src/stm32f4xx_hal_dma.o
 .comment       0x0000007f       0x80 Drivers/STM32F4xx_HAL_Driver/Src/stm32f4xx_hal_gpio.o
 .comment       0x0000007f       0x80 Drivers/STM32F4xx_HAL_Driver/Src/stm32f4xx_hal_rcc.o
 .comment       0x0000007f       0x80 Drivers/STM32F4xx_HAL_Driver/Src/stm32f4xx_hal_tim.o
 .comment       0x0000007f       0x80 Drivers/STM32F4xx_HAL_Driver/Src/stm32f4xx_hal_tim_ex.o
 .comment       0x0000007f       0x80 Drivers/STM32F4xx_HAL_Driver/Src/stm32f4xx_hal_uart.o
 .comment       0x0000007f       0x80 Src/main.o
 .comment       0x0000007f       0x80 Src/stm32f4xx_hal_msp.o
 .comment       0x0000007f       0x80 Src/stm32f4xx_it.o
 .comment       0x0000007f       0x80 Src/system_stm32f4xx.o

.debug_frame    0x00000000     0x219c
 .debug_frame   0x00000000      0x1cc Drivers/STM32F4xx_HAL_Driver/Src/stm32f4xx_hal.o
 .debug_frame   0x000001cc      0x27c Drivers/STM32F4xx_HAL_Driver/Src/stm32f4xx_hal_adc.o
 .debug_frame   0x00000448      0x15c Drivers/STM32F4xx_HAL_Driver/Src/stm32f4xx_hal_cortex.o
 .debug_frame   0x000005a4      0x188 Drivers/STM32F4xx_HAL_Driver/Src/stm32f4xx_hal_dma.o
 .debug_frame   0x0000072c       0xd8 Drivers/STM32F4xx_HAL_Driver/Src/stm32f4xx_hal_gpio.o
 .debug_frame   0x00000804      0x184 Drivers/STM32F4xx_HAL_Driver/Src/stm32f4xx_hal_rcc.o
 .debug_frame   0x00000988      0x9d0 Drivers/STM32F4xx_HAL_Driver/Src/stm32f4xx_hal_tim.o
 .debug_frame   0x00001358      0x384 Drivers/STM32F4xx_HAL_Driver/Src/stm32f4xx_hal_tim_ex.o
 .debug_frame   0x000016dc      0x4f0 Drivers/STM32F4xx_HAL_Driver/Src/stm32f4xx_hal_uart.o
 .debug_frame   0x00001bcc      0x168 Src/main.o
 .debug_frame   0x00001d34       0xcc Src/stm32f4xx_hal_msp.o
 .debug_frame   0x00001e00      0x150 Src/stm32f4xx_it.o
 .debug_frame   0x00001f50       0x30 Src/system_stm32f4xx.o
 .debug_frame   0x00001f80       0xac c:/ac6/systemworkbench/plugins/fr.ac6.mcu.externaltools.arm-none.win32_1.17.0.201812190825/tools/compiler/bin/../lib/gcc/arm-none-eabi/7.3.1/thumb/v7e-m/fpv4-sp/hard\libgcc.a(_arm_addsubdf3.o)
 .debug_frame   0x0000202c       0xc4 c:/ac6/systemworkbench/plugins/fr.ac6.mcu.externaltools.arm-none.win32_1.17.0.201812190825/tools/compiler/bin/../lib/gcc/arm-none-eabi/7.3.1/thumb/v7e-m/fpv4-sp/hard\libgcc.a(_arm_cmpdf2.o)
 .debug_frame   0x000020f0       0x2c c:/ac6/systemworkbench/plugins/fr.ac6.mcu.externaltools.arm-none.win32_1.17.0.201812190825/tools/compiler/bin/../lib/gcc/arm-none-eabi/7.3.1/thumb/v7e-m/fpv4-sp/hard\libgcc.a(_aeabi_uldivmod.o)
 .debug_frame   0x0000211c       0x34 c:/ac6/systemworkbench/plugins/fr.ac6.mcu.externaltools.arm-none.win32_1.17.0.201812190825/tools/compiler/bin/../lib/gcc/arm-none-eabi/7.3.1/thumb/v7e-m/fpv4-sp/hard\libgcc.a(_udivmoddi4.o)
 .debug_frame   0x00002150       0x2c c:/ac6/systemworkbench/plugins/fr.ac6.mcu.externaltools.arm-none.win32_1.17.0.201812190825/tools/compiler/bin/../lib/gcc/arm-none-eabi/7.3.1/../../../../arm-none-eabi/lib/thumb/v7e-m/fpv4-sp/hard\libc_nano.a(lib_a-init.o)
 .debug_frame   0x0000217c       0x20 c:/ac6/systemworkbench/plugins/fr.ac6.mcu.externaltools.arm-none.win32_1.17.0.201812190825/tools/compiler/bin/../lib/gcc/arm-none-eabi/7.3.1/../../../../arm-none-eabi/lib/thumb/v7e-m/fpv4-sp/hard\libc_nano.a(lib_a-memset.o)
